Starting test log script...
This is a test message
C:\Users\DELL\miniconda3\envs\kaiqi\node.exe : This is an error message for testing
At line:1 char:1
+ C:\Users\DELL\miniconda3\envs\kaiqi\node.exe ./node_modules/ts-node/d ...
+ ~~~~~~~~~~~~~~~~~~~~~~~~~~~~~~~~~~~~~~~~~~~~~~~~~~~~~~~~~~~~~~~~~~~~~
    + CategoryInfo          : NotSpecified: (This is an error message for testing:String) [], RemoteE 
   xception
    + FullyQualifiedErrorId : NativeCommandError
 
